// Jest Snapshot v1, https://goo.gl/fbAQLP

exports[`cartItem component should render cartItem component 1`] = `ShallowWrapper {}`;
